    shock N=1600   dt=0.01             mean mse=2.763e-03 bias2=4.190e-06 ( 0.2%) var=2.703e-03 t=0.024s
    shock N=1600   dt=0.01      compensated mse=2.892e-03 bias2=0.000e+00 ( 0.0%) var=2.849e-03 t=0.030s
    shock N=1600   dt=0.01        two_speed mse=3.530e-03 bias2=6.092e-04 (17.3%) var=2.862e-03 t=0.026s
    shock N=1600   dt=0.005            mean mse=3.463e-03 bias2=6.508e-05 ( 1.9%) var=3.330e-03 t=0.044s
    shock N=1600   dt=0.005     compensated mse=3.504e-03 bias2=5.381e-05 ( 1.5%) var=3.381e-03 t=0.057s
    shock N=1600   dt=0.005       two_speed mse=3.669e-03 bias2=2.160e-04 ( 5.9%) var=3.384e-03 t=0.048s
    shock N=1600   dt=0.0025           mean mse=3.067e-03 bias2=0.000e+00 ( 0.0%) var=3.036e-03 t=0.081s
    shock N=1600   dt=0.0025    compensated mse=2.990e-03 bias2=0.000e+00 ( 0.0%) var=2.960e-03 t=0.107s
    shock N=1600   dt=0.0025      two_speed mse=3.064e-03 bias2=4.069e-05 ( 1.3%) var=2.963e-03 t=0.091s
    shock N=6400   dt=0.01             mean mse=8.021e-04 bias2=6.435e-05 ( 8.0%) var=7.230e-04 t=0.110s
    shock N=6400   dt=0.01      compensated mse=7.472e-04 bias2=5.279e-05 ( 7.1%) var=6.805e-04 t=0.129s
    shock N=6400   dt=0.01        two_speed mse=1.474e-03 bias2=7.689e-04 (52.2%) var=6.912e-04 t=0.119s
    shock N=6400   dt=0.005            mean mse=5.917e-04 bias2=5.425e-05 ( 9.2%) var=5.267e-04 t=0.207s
    shock N=6400   dt=0.005     compensated mse=5.852e-04 bias2=4.780e-05 ( 8.2%) var=5.267e-04 t=0.244s
    shock N=6400   dt=0.005       two_speed mse=7.562e-04 bias2=2.153e-04 (28.5%) var=5.301e-04 t=0.224s
    shock N=6400   dt=0.0025           mean mse=8.910e-04 bias2=1.005e-05 ( 1.1%) var=8.633e-04 t=0.398s
    shock N=6400   dt=0.0025    compensated mse=8.894e-04 bias2=1.466e-05 ( 1.6%) var=8.572e-04 t=0.473s
    shock N=6400   dt=0.0025      two_speed mse=9.331e-04 bias2=5.710e-05 ( 6.1%) var=8.585e-04 t=0.433s
    shock N=25600  dt=0.01             mean mse=1.978e-04 bias2=3.442e-05 (17.4%) var=1.601e-04 t=0.550s
    shock N=25600  dt=0.01      compensated mse=1.846e-04 bias2=3.316e-05 (18.0%) var=1.484e-04 t=0.620s
    shock N=25600  dt=0.01        two_speed mse=8.206e-04 bias2=6.661e-04 (81.2%) var=1.514e-04 t=0.583s
    shock N=25600  dt=0.005            mean mse=2.042e-04 bias2=2.492e-05 (12.2%) var=1.757e-04 t=1.047s
    shock N=25600  dt=0.005     compensated mse=2.054e-04 bias2=2.444e-05 (11.9%) var=1.773e-04 t=1.184s
    shock N=25600  dt=0.005       two_speed mse=4.086e-04 bias2=2.262e-04 (55.3%) var=1.788e-04 t=1.160s
    shock N=25600  dt=0.0025           mean mse=2.254e-04 bias2=2.188e-06 ( 1.0%) var=2.187e-04 t=2.095s
    shock N=25600  dt=0.0025    compensated mse=2.271e-04 bias2=3.539e-06 ( 1.6%) var=2.191e-04 t=2.333s
    shock N=25600  dt=0.0025      two_speed mse=2.693e-04 bias2=4.489e-05 (16.7%) var=2.199e-04 t=2.133s
 gaussian N=1600   dt=0.005            mean mse=7.112e-04 bias2=1.607e-06 ( 0.2%) var=6.954e-04 t=0.015s
 gaussian N=1600   dt=0.005     compensated mse=7.101e-04 bias2=0.000e+00 ( 0.0%) var=6.991e-04 t=0.020s
 gaussian N=1600   dt=0.005       two_speed mse=3.934e-03 bias2=3.087e-03 (78.5%) var=8.303e-04 t=0.018s
 gaussian N=1600   dt=0.0025           mean mse=6.667e-04 bias2=0.000e+00 ( 0.0%) var=6.597e-04 t=0.028s
 gaussian N=1600   dt=0.0025    compensated mse=6.661e-04 bias2=0.000e+00 ( 0.0%) var=6.594e-04 t=0.044s
 gaussian N=1600   dt=0.0025      two_speed mse=1.523e-03 bias2=8.092e-04 (53.1%) var=6.994e-04 t=0.034s
 gaussian N=1600   dt=0.00125          mean mse=6.598e-04 bias2=1.449e-05 ( 2.2%) var=6.324e-04 t=0.053s
 gaussian N=1600   dt=0.00125   compensated mse=5.930e-04 bias2=7.254e-06 ( 1.2%) var=5.740e-04 t=0.076s
 gaussian N=1600   dt=0.00125     two_speed mse=8.599e-04 bias2=2.661e-04 (30.9%) var=5.819e-04 t=0.063s
 gaussian N=6400   dt=0.005            mean mse=1.505e-04 bias2=3.132e-06 ( 2.1%) var=1.444e-04 t=0.080s
 gaussian N=6400   dt=0.005     compensated mse=1.442e-04 bias2=3.237e-06 ( 2.2%) var=1.381e-04 t=0.105s
 gaussian N=6400   dt=0.005       two_speed mse=3.545e-03 bias2=3.343e-03 (94.3%) var=1.977e-04 t=0.095s
 gaussian N=6400   dt=0.0025           mean mse=1.751e-04 bias2=0.000e+00 ( 0.0%) var=1.732e-04 t=0.145s
 gaussian N=6400   dt=0.0025    compensated mse=1.611e-04 bias2=0.000e+00 ( 0.0%) var=1.585e-04 t=0.177s
 gaussian N=6400   dt=0.0025      two_speed mse=1.018e-03 bias2=8.580e-04 (84.3%) var=1.566e-04 t=0.158s
 gaussian N=6400   dt=0.00125          mean mse=1.572e-04 bias2=4.974e-07 ( 0.3%) var=1.536e-04 t=0.258s
 gaussian N=6400   dt=0.00125   compensated mse=1.510e-04 bias2=0.000e+00 ( 0.0%) var=1.492e-04 t=0.314s
 gaussian N=6400   dt=0.00125     two_speed mse=3.604e-04 bias2=2.098e-04 (58.2%) var=1.476e-04 t=0.285s
 gaussian N=25600  dt=0.005            mean mse=4.318e-05 bias2=3.586e-07 ( 0.8%) var=4.197e-05 t=0.382s
 gaussian N=25600  dt=0.005     compensated mse=3.874e-05 bias2=3.139e-07 ( 0.8%) var=3.765e-05 t=0.422s
 gaussian N=25600  dt=0.005       two_speed mse=3.189e-03 bias2=3.140e-03 (98.5%) var=4.767e-05 t=0.433s
 gaussian N=25600  dt=0.0025           mean mse=3.488e-05 bias2=0.000e+00 ( 0.0%) var=3.422e-05 t=0.748s
 gaussian N=25600  dt=0.0025    compensated mse=4.169e-05 bias2=5.117e-07 ( 1.2%) var=4.035e-05 t=0.821s
 gaussian N=25600  dt=0.0025      two_speed mse=9.767e-04 bias2=9.349e-04 (95.7%) var=4.093e-05 t=0.763s
 gaussian N=25600  dt=0.00125          mean mse=4.349e-05 bias2=2.142e-06 ( 4.9%) var=4.052e-05 t=1.391s
 gaussian N=25600  dt=0.00125   compensated mse=4.358e-05 bias2=0.000e+00 ( 0.0%) var=4.273e-05 t=1.617s
 gaussian N=25600  dt=0.00125     two_speed mse=2.545e-04 bias2=2.115e-04 (83.1%) var=4.210e-05 t=1.456s

wrote 54 cells
