== shock_a2_h0.02
                mean bias=0.00746 spread=0.02831 total=0.02927  t=0.112s
           two_speed bias=0.02704 spread=0.02805 total=0.03896  t=0.120s
      two_speed_comp bias=0.00784 spread=0.02795 total=0.02903  t=0.131s
         three_speed bias=0.00977 spread=0.02820 total=0.02985  t=0.122s
    three_speed_comp bias=0.00722 spread=0.02818 total=0.02909  t=0.133s
       three_speed_over_two_speed = 0.766 [0.714, 0.815]
            three_speed_over_mean = 1.020 [1.003, 1.041]
    two_speed_comp_over_two_speed = 0.745 [0.690, 0.794]
       three_speed_comp_over_mean = 0.994 [0.979, 1.011]
== shock_a2_h0.005
                mean bias=0.00274 spread=0.02614 total=0.02628  t=0.414s
           two_speed bias=0.00751 spread=0.02636 total=0.02741  t=0.441s
      two_speed_comp bias=0.00270 spread=0.02630 total=0.02644  t=0.495s
         three_speed bias=0.00333 spread=0.02623 total=0.02645  t=0.459s
    three_speed_comp bias=0.00273 spread=0.02623 total=0.02637  t=0.514s
       three_speed_over_two_speed = 0.965 [0.938, 0.991]
            three_speed_over_mean = 1.006 [0.997, 1.015]
    two_speed_comp_over_two_speed = 0.965 [0.946, 0.983]
       three_speed_comp_over_mean = 1.003 [0.995, 1.011]
== gaussian_a2_dt0.005
                mean bias=0.00196 spread=0.01311 total=0.01325  t=0.083s
           two_speed bias=0.01582 spread=0.01327 total=0.02065  t=0.090s
      two_speed_comp bias=0.00204 spread=0.01346 total=0.01361  t=0.098s
         three_speed bias=0.00474 spread=0.01392 total=0.01471  t=0.092s
    three_speed_comp bias=0.00196 spread=0.01404 total=0.01417  t=0.104s
       three_speed_over_two_speed = 0.712 [0.646, 0.780]
            three_speed_over_mean = 1.110 [1.039, 1.187]
    two_speed_comp_over_two_speed = 0.659 [0.596, 0.728]
       three_speed_comp_over_mean = 1.069 [0.983, 1.172]
== gaussian_a4_dt0.005
                mean bias=0.00314 spread=0.01339 total=0.01375  t=0.081s
           two_speed bias=0.05493 spread=0.01381 total=0.05664  t=0.089s
      two_speed_comp bias=0.00142 spread=0.01317 total=0.01324  t=0.096s
         three_speed bias=0.00725 spread=0.01439 total=0.01612  t=0.091s
    three_speed_comp bias=0.00188 spread=0.01355 total=0.01367  t=0.100s
       three_speed_over_two_speed = 0.285 [0.260, 0.311]
            three_speed_over_mean = 1.172 [1.086, 1.261]
    two_speed_comp_over_two_speed = 0.234 [0.214, 0.254]
       three_speed_comp_over_mean = 0.994 [0.912, 1.080]
